ExpansionTraderMirek.Weapons|5129.500000 59.479023 7988.390137|94.491951 0.000000 -0.000000|GorkaEJacket_Flat,GorkaPants_Flat,HikingBoots_Black,TacticalGloves_Black
ExpansionTraderMirek.Weapons|7489.82 87.682 4595.8|94.491951 0.000000 -0.000000|GorkaEJacket_Flat,GorkaPants_Flat,HikingBoots_Black,TacticalGloves_Black
ExpansionTraderHelga.Medicals|5139.807129 60.069141 8002.295898|-164.655121 0.000000 -0.000000|GorkaEJacket_Flat,GorkaPants_Flat,HikingBoots_Black,TacticalGloves_Black
ExpansionTraderHassan.Components|5136.693848 59.559959 7980.172852|-42.662037 0.000000 -0.000000|GorkaEJacket_Flat,GorkaPants_Flat,HikingBoots_Black,TacticalGloves_Black
ExpansionTraderCyril.Clothing|5112.850098 59.989971 7983.914551|0.000000 0.000000 -0.000000|GorkaEJacket_Flat,GorkaPants_Flat,HikingBoots_Black,TacticalGloves_Black
ExpansionTraderIndar.Accessories|5112.97 60.0701 7989.72|120.000000 0.000000 -0.000000|GorkaEJacket_Flat,GorkaPants_Flat,HikingBoots_Black,TacticalGloves_Black
ExpansionTraderMaria.Consumables|5105.172363 60.057400 7984.764160|-60.992580 0.000000 0.000000|GorkaEJacket_Flat,GorkaPants_Flat,HikingBoots_Black,TacticalGloves_Black
ExpansionTraderRolf.Vehicles|5073.94 59.225 7991.69|71.435036 0.000000 -0.000000|GorkaEJacket_Flat,GorkaPants_Flat,HikingBoots_Black,TacticalGloves_Black
ExpansionTraderDenis.Vehicle_Parts|5074.001465 59.393593 7993.838379|71.435036 0.000000 -0.000000|GorkaEJacket_Flat,GorkaPants_Flat,HikingBoots_Black,TacticalGloves_Black
ExpansionTraderGabi.Aircraft|5034.049805 60.123978 7982.919922|148.285004 0.000000 0.000000|GorkaEJacket_Flat,GorkaPants_Flat,HikingBoots_Black,TacticalGloves_Black
ExpansionTraderSeth.Medicals|7502.604492 87.797 4608.411621|91.490944 0.000000 -0.000000|GorkaEJacket_Flat,GorkaPants_Flat,HikingBoots_Black,TacticalGloves_Black
ExpansionTraderPeter.Components|7509.589844 87.797 4590.930176|46.378990 0.000000 -0.000000|GorkaEJacket_Flat,GorkaPants_Flat,HikingBoots_Black,TacticalGloves_Black
ExpansionTraderLinda.Consumables|7517.72 87.796 4621.96|140.418976 0.000000 -0.000000|GorkaEJacket_Flat,GorkaPants_Flat,HikingBoots_Black,TacticalGloves_Black
ExpansionTraderHassan.Vehicles|7554.47 88.00 4605.44|145.801987 0.000000 0.000000|GorkaEJacket_Flat,GorkaPants_Flat,HikingBoots_Black,TacticalGloves_Black
ExpansionTraderOliver.Vehicle_Parts|7556.33 88.00 4606.68|145.801987 0.000000 0.000000|GorkaEJacket_Flat,GorkaPants_Flat,HikingBoots_Black,TacticalGloves_Black
ExpansionTraderQuinn.Clothing|7547.520020 89.617104 4617.819824|0.000000 0.000000 -0.000000|GorkaEJacket_Flat,GorkaPants_Flat,HikingBoots_Black,TacticalGloves_Black
ExpansionTraderLewis.Accessories|7549.34 89.617106 4619.68|-60.000000 0.000000 -0.000000|GorkaEJacket_Flat,GorkaPants_Flat,HikingBoots_Black,TacticalGloves_Black
ExpansionTraderNaomi.Boats|10511.400391 1.947106 5723.339844|-82.996010 0.000000 -0.000000|GorkaEJacket_Flat,GorkaPants_Flat,HikingBoots_Black,TacticalGloves_Black
ExpansionTraderEva.MMG|10158.3 28.0319 10001.6|-160.00 0.000000 -0.000000|GorkaEJacket_Flat,GorkaPants_Flat,HikingBoots_Black,TacticalGloves_Black
ExpansionTraderJudy.Weapons|10157.599609 27.942499 10007.200195|30.417217 0.000000 0.000000|GorkaEJacket_Flat,GorkaPants_Flat,HikingBoots_Black,TacticalGloves_Black
ExpansionTraderEva.MMG|7573.3 87.682 4612.4|-160.0 0.000000 -0.000000|GorkaEJacket_Flat,GorkaPants_Flat,HikingBoots_Black,TacticalGloves_Black
ExpansionTraderMaria.Consumables|10177.0 29.98 10017|-160.0 0.000000 0.000000|GorkaEJacket_Flat,GorkaPants_Flat,HikingBoots_Black,TacticalGloves_Black
ExpansionTraderMaria.Clothing_Accessories|7545.66 88.245 4622.86|120.00 0.000000 -0.000000|QuiltedJacket_Violet,Breeches_Beetcheck,SurgicalGloves_White,ThinFramesGlasses,BaseballCap_Pink,JoggingShoes_Violet,TaloonBag_Violet,Armband_Pink
ExpansionTraderSeth.Attachments|7553.9 88.25 4624.01|-45.00 0.000000 -0.000000|CargoPants_Green,M65Jacket_Khaki,UKAssVest_Black,WorkingGloves_Black,AviatorGlasses,PilotkaCap,TTSKOBoots,AssaultBag_Black
ExpansionTraderIndar.Special|7574.434 87.6825 4609.75|-165.00 0.000000 -0.000000|ParamedicJacket_Blue,ParamedicPants_Blue,PoliceVest,NioshFaceMask,NBCGlovesGray,FlatCap_Blue,HikingBootsLow_Blue,MountainBag_Blue
ExpansionTraderSeth.Attachments|10158 28.032 10009.8|120.00 0.000000 -0.000000|CargoPants_Green,M65Jacket_Khaki,UKAssVest_Black,WorkingGloves_Black,AviatorGlasses,PilotkaCap,TTSKOBoots,AssaultBag_Black
ExpansionTraderMaria.Clothing_Accessories|5114.93 60.0701 7988.46|-122.70 0.000000 -0.000000|QuiltedJacket_Violet,Breeches_Beetcheck,SurgicalGloves_White,ThinFramesGlasses,BaseballCap_Pink,JoggingShoes_Violet,TaloonBag_Violet,Armband_Pink
ExpansionTraderSeth.Attachments|5130.79 59.5113 7989.88|-179.90 0.000000 -0.000000|CargoPants_Green,M65Jacket_Khaki,UKAssVest_Black,WorkingGloves_Black,AviatorGlasses,PilotkaCap,TTSKOBoots,AssaultBag_Black